// Jest Snapshot v1, https://goo.gl/fbAQLP

exports[`apiClient #withTokenRefresh on a failed api call that's not unauthorized rethrows the error 1`] = `"API ResponseError: undefined"`;
